---
source: src/render/list.rs
expression: output
---
mod     mycrate::sync::mpsc          A multi-producer, single-consumer queue.
struct  mycrate::sync::Mutex         An asynchronous Mutex-like type.
enum    mycrate::sync::TryLockError  Error returned from try_lock.
fn      mycrate::sync::channel       Creates a broadcast channel.
