---
source: src/render/text.rs
expression: output
---
fn mycrate::spawn

pub fn spawn<F>(future: F) -> JoinHandle<F::Output>

Spawns a new asynchronous task, returning a JoinHandle for it.

The provided future will start running in the background immediately
when spawn is called, even if you don't await the returned JoinHandle.
