---
source: src/render/text.rs
expression: output
---
crate mycrate

A crate.

Modules:
  fs                              Filesystem utilities.  [feature: fs]
  io                              I/O utilities.

Functions:
  pub fn read(path: &str) -> Vec<u8>                          Reads a file.  [feature: fs]
