---
source: src/render/text.rs
expression: output
---
enum mycrate::Color

pub enum Color

Represents a color.

variants:
  Blue(u8)                                                    The color blue with intensity.
  Green                                                       The color green.
  Red                                                         The color red.

methods:
  pub fn name(&self) -> &str                                  Returns the color name.
