---
source: tests/cli_happy.rs
expression: stdout
---
{"path":"groxide_test_api::GenericStruct","kind":"struct","signature":"pub struct GenericStruct<T: Clone>","doc":"A generic container holding a single value.\n\n# Examples\n\n```\nuse groxide_test_api::GenericStruct;\nlet gs = GenericStruct::new(42);\nassert_eq!(*gs.value(), 42);\n```","feature_gate":null,"methods":[{"name":"into_inner","signature":"pub fn into_inner(self) -> T","summary":"Converts into the inner value, consuming self."},{"name":"new","signature":"pub fn new(value: T) -> Self","summary":"Creates a new `GenericStruct` with the given value."},{"name":"value","signature":"pub fn value(&self) -> &T","summary":"Returns a reference to the inner value."}],"trait_impls":["Send","Sync","Freeze","Unpin","UnwindSafe","RefUnwindSafe"]}
