---
source: tests/cli_happy.rs
expression: stdout
---
struct groxide_test_api::reexports::Helper

pub struct Helper { pub id: u32 }

Re-exported Helper from the private inner module.

Trait Implementations: (showing 5 of 7, use --impls to expand)
  impl Freeze
  impl RefUnwindSafe
  impl Send
  impl Sync
  impl Unpin
