---
source: tests/cli_happy.rs
expression: stdout
---
mod     groxide_test_api::containers        pub mod containers                                                                       Container types for testing module-level items.
mod     groxide_test_api::deeply            pub mod deeply                                                                           A module for testing deeply nested paths.
mod     groxide_test_api::reexports         pub mod reexports                                                                        Module for testing re-export handling.
mod     groxide_test_api::traits            pub mod traits                                                                           Trait definitions for testing trait rendering.
struct  groxide_test_api::GenericStruct     pub struct GenericStruct<T: Clone>                                                       A generic container holding a single value.
struct  groxide_test_api::SimpleStruct      pub struct SimpleStruct { pub name: String, pub count: u32 }                             A simple struct with no generics.
struct  groxide_test_api::UnstableStruct    pub struct UnstableStruct { pub experimental: bool }                                     A feature-gated struct.
enum    groxide_test_api::Direction         pub enum Direction                                                                       An enum representing cardinal directions.
enum    groxide_test_api::Shape             pub enum Shape                                                                           An enum with data-carrying variants.
union   groxide_test_api::IntOrFloat        pub union IntOrFloat { pub i: i32, pub f: f32 }                                          A union for testing union item rendering.

# Safety

Accessing union fields requires `unsafe` since the compiler cannot guarantee
which field was last written.
fn      groxide_test_api::add               pub fn add(a: i32, b: i32) -> i32                                                        Adds two numbers together.
fn      groxide_test_api::generic_fn        pub fn generic_fn<T: std::fmt::Display, U: Into<String>>(value: T, _label: U) -> String  A function with multiple generic parameters.
fn      groxide_test_api::unicode_docs      pub fn unicode_docs() -> &'static str                                                    A function demonstrating unicode in documentation.
fn      groxide_test_api::unstable_api      pub fn unstable_api() -> &'static str                                                    An item only available with the `unstable` feature.
type    groxide_test_api::Callback          pub type Callback = fn(i32) -> bool                                                      A type alias for a callback function.
type    groxide_test_api::Result            pub type Result<T> = std::result::Result<T, String>                                      A type alias for results in this crate.
const   groxide_test_api::DEFAULT_GREETING  pub const DEFAULT_GREETING: &str                                                         The default greeting string.
const   groxide_test_api::MAX_BUFFER_SIZE   pub const MAX_BUFFER_SIZE: usize                                                         The maximum buffer size in bytes.
static  groxide_test_api::GLOBAL_COUNTER    pub static GLOBAL_COUNTER: std::sync::atomic::AtomicUsize                                A global counter for testing static items.
static  groxide_test_api::VERSION           pub static VERSION: &str                                                                 A simple static string.
macro   groxide_test_api::greet             macro_rules! greet                                                                       Generates a greeting string.
