---
source: tests/cli_happy.rs
expression: stdout
---
groxide_test_api:
  fn  groxide_test_api::add                        pub fn add(a: i32, b: i32) -> i32
  fn  groxide_test_api::generic_fn                 pub fn generic_fn<T: std::fmt::Display, U: Into<String>>(value: T, _label: U) -> String
  fn  groxide_test_api::unicode_docs               pub fn unicode_docs() -> &'static str
  fn  groxide_test_api::unstable_api               pub fn unstable_api() -> &'static str

groxide_test_api::cross_reexports:
  fn  groxide_test_api::cross_reexports::cross_fn  pub use groxide_test_inner::cross_fn as cross_fn

groxide_test_api::deeply::nested:
  fn  groxide_test_api::deeply::nested::deep_fn    pub fn deep_fn() -> &'static str

groxide_test_api::reexports:
  fn  groxide_test_api::reexports::glob_fn         pub fn glob_fn() -> bool
  fn  groxide_test_api::reexports::inner_fn        pub fn inner_fn() -> i32
