---
source: tests/cli_errors.rs
expression: stdout
---
Query Rust crate documentation from the terminal

Usage: grox [OPTIONS] [PATH]

Arguments:
  [PATH]
          Rust path to query (e.g., `tokio::sync::Mutex`, `serde@1.0`)

Options:
  -b, --brief
          Show only item names (compact output)

  -d, --docs
          Show full rendered documentation per item

  -s, --source
          Show source code instead of docs

  -S, --search <SEARCH>
          Full-text search across documentation

  -k, --kind <KIND>
          Filter by item kind

          Possible values:
          - fn:     Functions and methods
          - struct: Structs
          - enum:   Enums
          - trait:  Traits (includes `TraitAlias`)
          - type:   Type aliases (includes `AssocType`, `ForeignType`)
          - const:  Constants (includes `AssocConst`)
          - mod:    Modules
          - macro:  Macros (includes `ProcMacro`)

  -p, --private
          Include non-public items

  -j, --json
          JSON Lines output

  -i, --impls [<IMPLS>]
          Show trait implementations, optionally filtered by trait name

  -r, --recursive
          List all public items recursively in a crate or module tree

      --readme
          Show the crate's README

      --manifest-path <MANIFEST_PATH>
          Path to Cargo.toml

      --features <FEATURES>
          Comma-separated list of features to activate

      --all-features
          Activate all available features

      --no-default-features
          Do not activate the `default` feature

  -h, --help
          Print help (see a summary with '-h')

  -V, --version
          Print version

EXAMPLES:
    grox serde::Deserialize          Struct docs with methods
grox tokio::sync::Mutex::lock    Full method documentation
    grox tokio -S "spawn"            Search across crate documentation
    grox -s tokio::sync::Mutex::new  View source code
    grox axum::Router                Auto-fetch external crate from crates.io
    grox std::collections::HashMap   Query standard library
    grox --json serde::Serialize     JSON output for programmatic use
    grox serde@1.0.210::Deserialize  Pin to specific version
