---
source: tests/cli_errors.rs
expression: stdout
---
fn groxide_test_api::unicode_docs

pub fn unicode_docs() -> &'static str

A function demonstrating unicode in documentation.

Supports multi-language output: "こんにちは" (Japanese), "café" (French),
"naïve" (English), and emoji: 🦀🔧.

Mathematical symbols: ∀x ∈ ℝ, x² ≥ 0.
